ERA5 39 events, 400 shifted event-free sets
  S1/S2 conditions 1-2: {'n_specs': 54, 'n_sets': 400, 'max_abs_z': 1.154, 'p_max_abs_z': 0.965, 'mean_z': -0.036, 'p_mean_z_excess': 0.4975, 'p_mean_z_deficit': 0.5025}
  S3 with condition 3:  {'n_specs': 54, 'n_sets': 400, 'max_abs_z': 1.162, 'p_max_abs_z': 0.8675, 'mean_z': -0.011, 'p_mean_z_excess': 0.4825, 'p_mean_z_deficit': 0.5175}
  published spec: {'W': 52, 'level': 'nam_1000', 'tau': 0.0, 'f': 0.5, 'cond3': True, 'n_events': 39, 'rate_ssw': 0.5385, 'rate_shifted_mean': 0.5413, 'rate_shifted_q025_q975': [0.3846, 0.6929], 'shift_surface': -0.6384, 'contrast_ssw': -0.6819, 'contrast_eventfree_mean': -0.6526, 'share_reproduced_pct': 95.7, 'z': -0.036}
  POST-HOC calibration: {'label': 'post hoc, added after code review', 'n_replays': 200, 'c12': {'p_max_abs_z_calibrated': 0.845, 'p_mean_z_calibrated_two_sided': 0.96, 'null_max_abs_z_q95': 2.134, 'null_share_outside_95_mean': 0.0024, 'power_planted_classes_max_abs_z': 0.815, 'power_planted_classes_mean_z': 0.51, 'planted_share_outside_95_mean': 0.1139}, 'c3': {'p_max_abs_z_calibrated': 0.745, 'p_mean_z_calibrated_two_sided': 0.995, 'null_max_abs_z_q95': 2.157, 'null_share_outside_95_mean': 0.0031, 'power_planted_classes_max_abs_z': 0.37, 'power_planted_classes_mean_z': 0.1, 'planted_share_outside_95_mean': 0.0375}}
  share of contrast reproduced, range over specs: [76.3, 154.4]
   W25 nam_1000 tau+0.00 f0.5 c3=0: SSW 0.718 shifted 0.666 [0.5385, 0.7949] z +0.74 share 111.9
   W25 nam_1000 tau+0.00 f0.5 c3=1: SSW 0.590 shifted 0.558 [0.4103, 0.7179] z +0.40 share 151.0
   W25 nam_1000 tau+0.00 f0.6 c3=0: SSW 0.692 shifted 0.631 [0.4872, 0.7692] z +0.85 share 117.4
   W25 nam_1000 tau+0.00 f0.6 c3=1: SSW 0.590 shifted 0.537 [0.3846, 0.6923] z +0.66 share 154.4
   W25 nam_1000 tau+0.00 f0.7 c3=0: SSW 0.436 shifted 0.518 [0.3846, 0.6667] z -1.08 share 84.4
   W25 nam_1000 tau+0.00 f0.7 c3=1: SSW 0.410 shifted 0.458 [0.3077, 0.6154] z -0.61 share 102.0
   W25 nam_1000 tau-0.25 f0.5 c3=0: SSW 0.564 shifted 0.576 [0.4359, 0.7179] z -0.16 share 86.2
   W25 nam_1000 tau-0.25 f0.5 c3=1: SSW 0.487 shifted 0.498 [0.359, 0.6667] z -0.14 share 105.2
   W25 nam_1000 tau-0.25 f0.6 c3=0: SSW 0.564 shifted 0.561 [0.4353, 0.7179] z +0.04 share 86.1
   W25 nam_1000 tau-0.25 f0.6 c3=1: SSW 0.487 shifted 0.487 [0.3333, 0.6417] z -0.00 share 105.1
   W25 nam_1000 tau-0.25 f0.7 c3=0: SSW 0.410 shifted 0.497 [0.359, 0.641] z -1.15 share 84.5
   W25 nam_1000 tau-0.25 f0.7 c3=1: SSW 0.385 shifted 0.443 [0.3077, 0.5904] z -0.75 share 94.7
   W25 nam_1000 tau-0.50 f0.5 c3=0: SSW 0.410 shifted 0.451 [0.3333, 0.5897] z -0.55 share 76.3
   W25 nam_1000 tau-0.50 f0.5 c3=1: SSW 0.359 shifted 0.414 [0.2821, 0.5641] z -0.74 share 94.2
   W25 nam_1000 tau-0.50 f0.6 c3=0: SSW 0.410 shifted 0.446 [0.3327, 0.5897] z -0.49 share 76.3
   W25 nam_1000 tau-0.50 f0.6 c3=1: SSW 0.359 shifted 0.409 [0.2821, 0.5641] z -0.68 share 94.2
   W25 nam_1000 tau-0.50 f0.7 c3=0: SSW 0.385 shifted 0.427 [0.3077, 0.5647] z -0.58 share 83.7
   W25 nam_1000 tau-0.50 f0.7 c3=1: SSW 0.359 shifted 0.392 [0.2564, 0.5385] z -0.45 share 94.1
   W25 nam_850 tau+0.00 f0.5 c3=0: SSW 0.641 shifted 0.622 [0.4872, 0.7692] z +0.27 share 91.7
   W25 nam_850 tau+0.00 f0.5 c3=1: SSW 0.538 shifted 0.544 [0.3846, 0.6923] z -0.08 share 106.7
   W25 nam_850 tau+0.00 f0.6 c3=0: SSW 0.615 shifted 0.572 [0.4353, 0.7179] z +0.56 share 98.4
   W25 nam_850 tau+0.00 f0.6 c3=1: SSW 0.538 shifted 0.509 [0.359, 0.6667] z +0.37 share 111.7
   W25 nam_850 tau+0.00 f0.7 c3=0: SSW 0.436 shifted 0.484 [0.3333, 0.641] z -0.62 share 89.0
   W25 nam_850 tau+0.00 f0.7 c3=1: SSW 0.410 shifted 0.452 [0.3071, 0.6154] z -0.53 share 101.7
   W25 nam_850 tau-0.25 f0.5 c3=0: SSW 0.487 shifted 0.541 [0.4096, 0.6923] z -0.72 share 89.3
   W25 nam_850 tau-0.25 f0.5 c3=1: SSW 0.436 shifted 0.494 [0.359, 0.641] z -0.75 share 108.3
   W25 nam_850 tau-0.25 f0.6 c3=0: SSW 0.487 shifted 0.524 [0.3846, 0.6923] z -0.48 share 89.6
   W25 nam_850 tau-0.25 f0.6 c3=1: SSW 0.436 shifted 0.480 [0.3333, 0.641] z -0.57 share 108.1
   W25 nam_850 tau-0.25 f0.7 c3=0: SSW 0.410 shifted 0.471 [0.3333, 0.641] z -0.79 share 88.6
   W25 nam_850 tau-0.25 f0.7 c3=1: SSW 0.385 shifted 0.444 [0.2821, 0.5904] z -0.77 share 96.0
   W25 nam_850 tau-0.50 f0.5 c3=0: SSW 0.410 shifted 0.430 [0.2821, 0.5647] z -0.26 share 88.0
   W25 nam_850 tau-0.50 f0.5 c3=1: SSW 0.385 shifted 0.404 [0.2564, 0.5391] z -0.25 share 95.1
   W25 nam_850 tau-0.50 f0.6 c3=0: SSW 0.410 shifted 0.426 [0.2821, 0.5641] z -0.21 share 88.4
   W25 nam_850 tau-0.50 f0.6 c3=1: SSW 0.385 shifted 0.401 [0.2564, 0.5385] z -0.21 share 95.1
   W25 nam_850 tau-0.50 f0.7 c3=0: SSW 0.359 shifted 0.405 [0.2564, 0.5391] z -0.60 share 94.3
   W25 nam_850 tau-0.50 f0.7 c3=1: SSW 0.359 shifted 0.387 [0.2558, 0.5385] z -0.37 share 89.8
   W35 nam_1000 tau+0.00 f0.5 c3=0: SSW 0.718 shifted 0.679 [0.5385, 0.7955] z +0.56 share 77.4
   W35 nam_1000 tau+0.00 f0.5 c3=1: SSW 0.564 shifted 0.554 [0.3846, 0.6929] z +0.13 share 92.2
   W35 nam_1000 tau+0.00 f0.6 c3=0: SSW 0.590 shifted 0.634 [0.4872, 0.7692] z -0.60 share 96.3
   W35 nam_1000 tau+0.00 f0.6 c3=1: SSW 0.513 shifted 0.529 [0.359, 0.6923] z -0.20 share 104.7
   W35 nam_1000 tau+0.00 f0.7 c3=0: SSW 0.462 shifted 0.500 [0.359, 0.6667] z -0.49 share 101.1
   W35 nam_1000 tau+0.00 f0.7 c3=1: SSW 0.385 shifted 0.443 [0.2821, 0.5904] z -0.74 share 109.3
   W35 nam_1000 tau-0.25 f0.5 c3=0: SSW 0.615 shifted 0.585 [0.4359, 0.7186] z +0.39 share 84.4
   W35 nam_1000 tau-0.25 f0.5 c3=1: SSW 0.513 shifted 0.500 [0.3333, 0.6667] z +0.16 share 96.0
   W35 nam_1000 tau-0.25 f0.6 c3=0: SSW 0.564 shifted 0.571 [0.4359, 0.7179] z -0.09 share 98.8
   W35 nam_1000 tau-0.25 f0.6 c3=1: SSW 0.487 shifted 0.488 [0.3327, 0.641] z -0.01 share 106.5
   W35 nam_1000 tau-0.25 f0.7 c3=0: SSW 0.462 shifted 0.485 [0.3333, 0.6417] z -0.28 share 105.0
   W35 nam_1000 tau-0.25 f0.7 c3=1: SSW 0.385 shifted 0.430 [0.2821, 0.5904] z -0.57 share 114.6
   W35 nam_1000 tau-0.50 f0.5 c3=0: SSW 0.436 shifted 0.446 [0.3077, 0.6154] z -0.12 share 96.7
   W35 nam_1000 tau-0.50 f0.5 c3=1: SSW 0.385 shifted 0.397 [0.2564, 0.5641] z -0.15 share 103.0
   W35 nam_1000 tau-0.50 f0.6 c3=0: SSW 0.436 shifted 0.444 [0.3077, 0.6154] z -0.10 share 96.7
   W35 nam_1000 tau-0.50 f0.6 c3=1: SSW 0.385 shifted 0.395 [0.2564, 0.5641] z -0.13 share 103.0
   W35 nam_1000 tau-0.50 f0.7 c3=0: SSW 0.385 shifted 0.412 [0.2564, 0.5647] z -0.34 share 107.2
   W35 nam_1000 tau-0.50 f0.7 c3=1: SSW 0.333 shifted 0.373 [0.2308, 0.5385] z -0.52 share 114.9
   W35 nam_850 tau+0.00 f0.5 c3=0: SSW 0.667 shifted 0.653 [0.5122, 0.7949] z +0.19 share 84.2
   W35 nam_850 tau+0.00 f0.5 c3=1: SSW 0.564 shifted 0.539 [0.384, 0.6923] z +0.30 share 89.2
   W35 nam_850 tau+0.00 f0.6 c3=0: SSW 0.615 shifted 0.581 [0.4359, 0.7179] z +0.45 share 96.3
   W35 nam_850 tau+0.00 f0.6 c3=1: SSW 0.538 shifted 0.495 [0.3333, 0.6667] z +0.53 share 103.7
   W35 nam_850 tau+0.00 f0.7 c3=0: SSW 0.462 shifted 0.438 [0.3077, 0.5897] z +0.31 share 113.3
   W35 nam_850 tau+0.00 f0.7 c3=1: SSW 0.410 shifted 0.410 [0.2564, 0.5641] z -0.00 share 119.1
   W35 nam_850 tau-0.25 f0.5 c3=0: SSW 0.538 shifted 0.536 [0.3846, 0.6923] z +0.04 share 109.3
   W35 nam_850 tau-0.25 f0.5 c3=1: SSW 0.462 shifted 0.466 [0.3077, 0.641] z -0.06 share 112.0
   W35 nam_850 tau-0.25 f0.6 c3=0: SSW 0.538 shifted 0.513 [0.359, 0.6923] z +0.32 share 110.2
   W35 nam_850 tau-0.25 f0.6 c3=1: SSW 0.462 shifted 0.453 [0.2821, 0.6154] z +0.10 share 115.7
   W35 nam_850 tau-0.25 f0.7 c3=0: SSW 0.462 shifted 0.429 [0.3071, 0.5647] z +0.44 share 115.6
   W35 nam_850 tau-0.25 f0.7 c3=1: SSW 0.410 shifted 0.404 [0.2564, 0.5641] z +0.08 share 121.4
   W35 nam_850 tau-0.50 f0.5 c3=0: SSW 0.359 shifted 0.406 [0.2564, 0.5641] z -0.61 share 93.7
   W35 nam_850 tau-0.50 f0.5 c3=1: SSW 0.333 shifted 0.381 [0.2308, 0.5385] z -0.61 share 99.3
   W35 nam_850 tau-0.50 f0.6 c3=0: SSW 0.359 shifted 0.404 [0.2564, 0.5641] z -0.57 share 94.0
   W35 nam_850 tau-0.50 f0.6 c3=1: SSW 0.333 shifted 0.379 [0.2308, 0.5385] z -0.57 share 99.5
   W35 nam_850 tau-0.50 f0.7 c3=0: SSW 0.333 shifted 0.370 [0.2308, 0.5128] z -0.49 share 104.3
   W35 nam_850 tau-0.50 f0.7 c3=1: SSW 0.308 shifted 0.359 [0.2301, 0.5128] z -0.68 share 112.4
   W52 nam_1000 tau+0.00 f0.5 c3=0: SSW 0.692 shifted 0.751 [0.6154, 0.8718] z -0.89 share 88.8
   W52 nam_1000 tau+0.00 f0.5 c3=1: SSW 0.538 shifted 0.541 [0.3846, 0.6929] z -0.04 share 95.7
   W52 nam_1000 tau+0.00 f0.6 c3=0: SSW 0.641 shifted 0.648 [0.5128, 0.7949] z -0.10 share 87.2
   W52 nam_1000 tau+0.00 f0.6 c3=1: SSW 0.513 shifted 0.502 [0.359, 0.6417] z +0.14 share 105.3
   W52 nam_1000 tau+0.00 f0.7 c3=0: SSW 0.538 shifted 0.517 [0.359, 0.6667] z +0.28 share 97.5
   W52 nam_1000 tau+0.00 f0.7 c3=1: SSW 0.436 shifted 0.441 [0.2821, 0.5897] z -0.07 share 113.0
   W52 nam_1000 tau-0.25 f0.5 c3=0: SSW 0.590 shifted 0.631 [0.4872, 0.7699] z -0.55 share 93.7
   W52 nam_1000 tau-0.25 f0.5 c3=1: SSW 0.487 shifted 0.497 [0.3333, 0.6667] z -0.12 share 107.8
   W52 nam_1000 tau-0.25 f0.6 c3=0: SSW 0.590 shifted 0.602 [0.4359, 0.7436] z -0.16 share 93.9
   W52 nam_1000 tau-0.25 f0.6 c3=1: SSW 0.487 shifted 0.483 [0.3333, 0.641] z +0.06 share 111.8
   W52 nam_1000 tau-0.25 f0.7 c3=0: SSW 0.538 shifted 0.512 [0.359, 0.6667] z +0.35 share 99.0
   W52 nam_1000 tau-0.25 f0.7 c3=1: SSW 0.436 shifted 0.438 [0.2821, 0.5897] z -0.03 share 116.8
   W52 nam_1000 tau-0.50 f0.5 c3=0: SSW 0.487 shifted 0.473 [0.3333, 0.6154] z +0.19 share 110.4
   W52 nam_1000 tau-0.50 f0.5 c3=1: SSW 0.436 shifted 0.413 [0.2564, 0.5391] z +0.31 share 125.0
   W52 nam_1000 tau-0.50 f0.6 c3=0: SSW 0.487 shifted 0.464 [0.3077, 0.6154] z +0.31 share 111.4
   W52 nam_1000 tau-0.50 f0.6 c3=1: SSW 0.436 shifted 0.405 [0.2564, 0.5385] z +0.41 share 125.0
   W52 nam_1000 tau-0.50 f0.7 c3=0: SSW 0.462 shifted 0.439 [0.2821, 0.5897] z +0.29 share 114.7
   W52 nam_1000 tau-0.50 f0.7 c3=1: SSW 0.410 shifted 0.396 [0.2558, 0.5385] z +0.18 share 126.5
   W52 nam_850 tau+0.00 f0.5 c3=0: SSW 0.718 shifted 0.712 [0.5641, 0.8462] z +0.08 share 84.8
   W52 nam_850 tau+0.00 f0.5 c3=1: SSW 0.590 shifted 0.528 [0.3846, 0.6923] z +0.77 share 93.5
   W52 nam_850 tau+0.00 f0.6 c3=0: SSW 0.641 shifted 0.594 [0.4609, 0.7436] z +0.62 share 91.2
   W52 nam_850 tau+0.00 f0.6 c3=1: SSW 0.538 shifted 0.469 [0.3327, 0.6154] z +0.89 share 98.8
   W52 nam_850 tau+0.00 f0.7 c3=0: SSW 0.436 shifted 0.420 [0.2814, 0.5641] z +0.22 share 96.9
   W52 nam_850 tau+0.00 f0.7 c3=1: SSW 0.410 shifted 0.373 [0.2308, 0.5128] z +0.51 share 103.3
   W52 nam_850 tau-0.25 f0.5 c3=0: SSW 0.615 shifted 0.590 [0.4609, 0.7179] z +0.34 share 87.4
   W52 nam_850 tau-0.25 f0.5 c3=1: SSW 0.513 shifted 0.476 [0.3333, 0.641] z +0.47 share 98.9
   W52 nam_850 tau-0.25 f0.6 c3=0: SSW 0.564 shifted 0.550 [0.4103, 0.6923] z +0.18 share 90.7
   W52 nam_850 tau-0.25 f0.6 c3=1: SSW 0.487 shifted 0.450 [0.3077, 0.5897] z +0.48 share 97.4
   W52 nam_850 tau-0.25 f0.7 c3=0: SSW 0.436 shifted 0.417 [0.2564, 0.5641] z +0.26 share 98.2
   W52 nam_850 tau-0.25 f0.7 c3=1: SSW 0.410 shifted 0.372 [0.2308, 0.5128] z +0.51 share 105.8
   W52 nam_850 tau-0.50 f0.5 c3=0: SSW 0.462 shifted 0.398 [0.2564, 0.5391] z +0.84 share 107.8
   W52 nam_850 tau-0.50 f0.5 c3=1: SSW 0.436 shifted 0.353 [0.2051, 0.5128] z +1.09 share 113.1
   W52 nam_850 tau-0.50 f0.6 c3=0: SSW 0.462 shifted 0.394 [0.2564, 0.5391] z +0.89 share 107.6
   W52 nam_850 tau-0.50 f0.6 c3=1: SSW 0.436 shifted 0.351 [0.2051, 0.4878] z +1.12 share 113.1
   W52 nam_850 tau-0.50 f0.7 c3=0: SSW 0.436 shifted 0.352 [0.2051, 0.4872] z +1.15 share 110.6
   W52 nam_850 tau-0.50 f0.7 c3=1: SSW 0.410 shifted 0.326 [0.1795, 0.4615] z +1.16 share 121.5
CMIP6 1517 events, 20 members: {'n_specs': 27, 'n_sets': 20, 'max_abs_z': 1.746, 'p_max_abs_z': 0.5, 'mean_z': -0.811, 'p_mean_z_excess': 0.85, 'p_mean_z_deficit': 0.15}
   W25 tau+0.00 f0.5: SSW 0.644 shifted 0.656 z -1.05
   W25 tau+0.00 f0.6: SSW 0.600 shifted 0.620 z -1.75
   W25 tau+0.00 f0.7: SSW 0.516 shifted 0.523 z -0.73
   W25 tau-0.25 f0.5: SSW 0.595 shifted 0.597 z -0.21
   W25 tau-0.25 f0.6: SSW 0.575 shifted 0.582 z -0.60
   W25 tau-0.25 f0.7: SSW 0.509 shifted 0.514 z -0.57
   W25 tau-0.50 f0.5: SSW 0.510 shifted 0.508 z +0.14
   W25 tau-0.50 f0.6: SSW 0.505 shifted 0.504 z +0.06
   W25 tau-0.50 f0.7: SSW 0.468 shifted 0.473 z -0.46
   W35 tau+0.00 f0.5: SSW 0.670 shifted 0.684 z -1.51
   W35 tau+0.00 f0.6: SSW 0.611 shifted 0.629 z -1.46
   W35 tau+0.00 f0.7: SSW 0.496 shifted 0.510 z -1.19
   W35 tau-0.25 f0.5: SSW 0.607 shifted 0.616 z -0.73
   W35 tau-0.25 f0.6: SSW 0.580 shifted 0.592 z -0.96
   W35 tau-0.25 f0.7: SSW 0.492 shifted 0.504 z -1.07
   W35 tau-0.50 f0.5: SSW 0.513 shifted 0.518 z -0.37
   W35 tau-0.50 f0.6: SSW 0.504 shifted 0.511 z -0.56
   W35 tau-0.50 f0.7: SSW 0.461 shifted 0.466 z -0.43
   W52 tau+0.00 f0.5: SSW 0.699 shifted 0.719 z -1.69
   W52 tau+0.00 f0.6: SSW 0.594 shifted 0.604 z -0.68
   W52 tau+0.00 f0.7: SSW 0.463 shifted 0.474 z -0.74
   W52 tau-0.25 f0.5: SSW 0.612 shifted 0.632 z -1.47
   W52 tau-0.25 f0.6: SSW 0.569 shifted 0.580 z -0.71
   W52 tau-0.25 f0.7: SSW 0.459 shifted 0.471 z -0.85
   W52 tau-0.50 f0.5: SSW 0.494 shifted 0.509 z -0.86
   W52 tau-0.50 f0.6: SSW 0.482 shifted 0.496 z -0.77
   W52 tau-0.50 f0.7: SSW 0.430 shifted 0.440 z -0.66
Saved -> criterion_sweep.json
exit=0
