
==============================================================================
### AO  (1950-01-01..2026-03-31, 77 winters)
  primary                    n= 43/36w  -0.17 -0.29 -0.82 -0.59 -0.79 -1.03 -0.87 -0.74   ..******
  primary_compendium_only    n= 41/35w  -0.14 -0.25 -0.83 -0.60 -0.80 -1.04 -0.92 -0.72   ..******
  consensus_strict           n= 36/31w  -0.11 -0.33 -0.67 -0.40 -0.52 -1.05 -0.97 -0.81   ..*..***
  consensus_half             n= 42/35w  -0.18 -0.29 -0.85 -0.62 -0.82 -1.08 -1.01 -0.83   ..******
  union                      n= 47/38w  -0.31 -0.43 -0.95 -0.62 -0.85 -1.11 -1.04 -0.93   ..******
  era5                       n= 42/35w  -0.13 -0.31 -0.86 -0.60 -0.84 -1.05 -1.02 -0.82   ..******
  jra_55                     n= 41/35w  -0.11 -0.33 -0.81 -0.53 -0.76 -1.14 -0.97 -0.73   ..******
  ncep_ncar                  n= 39/33w  -0.31 -0.43 -0.83 -0.50 -0.64 -0.96 -1.05 -0.88   ..*.****
  merra2                     n= 27/23w  -0.20 -0.46 -0.52 -0.24 -0.60 -1.07 -0.77 -0.69   ....****
  -> post-onset negative in every catalogue: True; pre-onset negative in every catalogue: True

==============================================================================
### NAO  (1950-01-01..2026-03-31, 77 winters)
  primary                    n= 43/36w  -0.18 -0.11 -0.33 -0.30 -0.29 -0.31 -0.50 -0.35   ..******
  primary_compendium_only    n= 41/35w  -0.18 -0.11 -0.37 -0.30 -0.30 -0.30 -0.49 -0.35   ..******
  consensus_strict           n= 36/31w  -0.22 -0.17 -0.32 -0.26 -0.27 -0.34 -0.57 -0.36   ..*.****
  consensus_half             n= 42/35w  -0.18 -0.11 -0.37 -0.29 -0.30 -0.30 -0.50 -0.35   ..******
  union                      n= 47/38w  -0.20 -0.11 -0.36 -0.29 -0.28 -0.30 -0.49 -0.36   ..******
  era5                       n= 42/35w  -0.17 -0.12 -0.39 -0.29 -0.30 -0.31 -0.50 -0.34   ..******
  jra_55                     n= 41/35w  -0.16 -0.10 -0.38 -0.28 -0.28 -0.34 -0.54 -0.35   ..******
  ncep_ncar                  n= 39/33w  -0.26 -0.18 -0.35 -0.29 -0.28 -0.28 -0.51 -0.36   ..******
  merra2                     n= 27/23w  -0.14 -0.10 -0.17 -0.09 -0.22 -0.38 -0.50 -0.30   .....***
  -> post-onset negative in every catalogue: True; pre-onset negative in every catalogue: True

Saved -> C:\Users\Jack0\Solar-Magnetic-Analysis\ssw-design-analysis\05_corrected_estimators\canonical_event_study.json
