{
 "corrected_onset": {
  "plan_approved": "2026-10-02",
  "seed": 2096377885,
  "n_boot": 2000,
  "n_members_per_ensemble": 40,
  "n_events": 12,
  "excluded": {
   "indices_n1m34": "ensemble-mean wind already negative at the start (-1.1 m/s): no onset in record",
   "indices_n1m4": "ensemble-mean wind already negative at the start (-7.7 m/s): no onset in record",
   "indices_n2m1": "ensemble-mean wind already negative at the start (-1.7 m/s): no onset in record",
   "indices_n2m3": "ensemble-mean wind already negative at the start (-2.4 m/s): no onset in record",
   "indices_n3m24": "ensemble-mean wind already negative at the start (-5.8 m/s): no onset in record",
   "indices_n3m5": "ensemble-mean wind already negative at the start (-2.9 m/s): no onset in record"
  },
  "M1_between_event_sd_of_means": 0.7756,
  "M2_between_event_variance": {
   "lower_bound_noise_sd_equals_daily_sd": 0.5879,
   "upper_bound_noise_zero": 0.6015,
   "ci95_lower_bound": [
    0.2127,
    0.9603
   ],
   "ci95_upper_bound": [
    0.2279,
    0.9735
   ]
  },
  "M3_share_of_within_ensemble_variance": {
   "within_daily_variance": 0.544,
   "share_lower": 1.0807,
   "share_upper": 1.1057,
   "cmip6_reference": {
    "est": 0.019,
    "ci95": [
     -0.033,
     0.072
    ],
    "window": "days 8-52",
    "units": "member daily s.d."
   }
  },
  "M4_corr_week2_100hPa_vs_outcome": {
   "r": 0.9165,
   "ci95": [
    0.8682,
    0.9747
   ]
  },
  "mean_response_days8_25": -0.6232,
  "secondary_days26_42": {
   "n_events": 12,
   "between_variance_lower": 0.1132,
   "between_variance_upper": 0.132,
   "share_lower": 0.1512,
   "share_upper": 0.1762
  }
 },
 "registered_literal": {
  "plan_approved": "2026-10-02",
  "seed": 2096377885,
  "n_boot": 2000,
  "n_members_per_ensemble": 40,
  "n_events": 18,
  "excluded": {},
  "M1_between_event_sd_of_means": 0.654,
  "M2_between_event_variance": {
   "lower_bound_noise_sd_equals_daily_sd": 0.4145,
   "upper_bound_noise_zero": 0.4277,
   "ci95_lower_bound": [
    0.1715,
    0.6684
   ],
   "ci95_upper_bound": [
    0.1839,
    0.6799
   ]
  },
  "M3_share_of_within_ensemble_variance": {
   "within_daily_variance": 0.5278,
   "share_lower": 0.7853,
   "share_upper": 0.8103,
   "cmip6_reference": {
    "est": 0.019,
    "ci95": [
     -0.033,
     0.072
    ],
    "window": "days 8-52",
    "units": "member daily s.d."
   }
  },
  "M4_corr_week2_100hPa_vs_outcome": {
   "r": 0.7991,
   "ci95": [
    0.6275,
    0.9141
   ]
  },
  "mean_response_days8_25": -0.6208,
  "secondary_days26_42": {
   "n_events": 18,
   "between_variance_lower": 0.0977,
   "between_variance_upper": 0.117,
   "share_lower": 0.1264,
   "share_upper": 0.1514
  }
 },
 "note": "the registered rule 'first time the ensemble-mean wind is negative' returns the start of the run for ensembles already reversed at t = 0; corrected after the code review (2026-10-02) to the first westerly-to-easterly crossing, those ensembles reported as not anchored"
}
Saved -> icon_event_heterogeneity.json
exit=0
