dataset            n_mem  SSW/win   between   within       R           95% CI
------------------------------------------------------------------------------
OBSERVATIONS           -     1.19    -0.991   -0.817   +0.82 [ +0.50, +1.09]
BCC-ESM1               1     0.39    -0.379   -0.272   +0.72 [ +0.15, +0.99]
CESM2-FV2              1     0.57    -0.756   -0.629   +0.83 [ +0.69, +0.99]
CanESM5               10     0.52    -0.716   -0.590   +0.83 [ +0.76, +0.89]
GFDL-CM4               1     0.42    -0.244   -0.089   +0.37 [ -0.78, +0.97]
INM-CM5-0              1     0.74    -0.436   -0.349   +0.80 [ +0.49, +1.04]
IPSL-CM5A2-INCA        1     0.61    -0.819   -0.728   +0.89 [ +0.71, +1.03]
MIROC-ES2L         SKIPPED -- only 7 usable events
MIROC6                 2     0.58    -0.138   -0.044   +0.32 [ -4.39, +1.03]
MPI-ESM-1-2-HAM        1     0.83    -0.546   -0.548   +1.00 [ +0.81, +1.21]
MPI-ESM1-2-LR          1     1.13    -0.444   -0.393   +0.88 [ +0.66, +1.12]
NorESM2-LM             1     0.91    +0.072   -0.054   -0.75 [ -9.93,+13.83]

=== DOES MATCHING THE COMPOSITE IMPLY MATCHING THE MECHANISM? ===
  8 models with a usable composite and R
  composite (between-winter): observed -0.991, models -0.819..-0.244
  mechanism (R):              observed +0.824, models +0.366..+1.004
  corr(composite, R) across models = -0.634  (P = 0.091)

  only 2 model(s) within 0.25 sigma of the observed composite -- too few to say anything about whether matching the composite implies matching the mechanism

Saved -> multimodel_R.json
