
=== OBSERVATIONS  (43 events) ===
bin          between    within        R             95% CI
------------------------------------------------------------
-60..-46      -0.302    -0.203    +0.67 [  -1.89,  +5.00]
-45..-31      -0.368    -0.198    +0.54 [  -3.19,  +4.14]
-30..-16      -0.828    -0.654    +0.79 [  +0.34,  +1.16]
-15..-1       -0.609    -0.435    +0.71 [  +0.04,  +1.19]
+0..+14       -0.808    -0.634    +0.78 [  +0.28,  +1.13]
+15..+29      -0.991    -0.817    +0.82 [  +0.49,  +1.09]
+30..+44      -0.747    -0.573    +0.77 [  +0.25,  +1.14]
+45..+60      -0.748    -0.630    +0.84 [  +0.40,  +1.25]

=== CanESM5  (683 events, 10 members) ===
bin          between    within        R             95% CI
------------------------------------------------------------
-60..-46      -0.298    -0.228    +0.76 [  +0.57,  +0.93]
-45..-31      -0.413    -0.338    +0.82 [  +0.70,  +0.93]
-30..-16      -0.466    -0.377    +0.81 [  +0.70,  +0.91]
-15..-1       -0.374    -0.283    +0.76 [  +0.64,  +0.87]
+0..+14       -0.608    -0.515    +0.85 [  +0.78,  +0.92]
+15..+29      -0.656    -0.564    +0.86 [  +0.79,  +0.93]
+30..+44      -0.608    -0.513    +0.84 [  +0.77,  +0.92]
+45..+60      -0.519    -0.419    +0.81 [  +0.72,  +0.90]

=== THE DECOMPOSITION -- THE HYPOTHESIS ABOVE IS REFUTED ===
  observations   pre-onset R = +0.789 [0.342, 1.159]   post-onset R = +0.824 [0.493, 1.092]
  CanESM5        pre-onset R = +0.809 [0.699, 0.905]   post-onset R = +0.859 [0.793, 0.928]

  R is FLAT across lag, in observations (n=43) AND in CanESM5 (n=794/846,
  CI +-0.10). A precursor cannot be caused by the event that follows it, so
  R at a pre-onset lag cannot be a causal fraction -- and it is the same 0.78
  as the post-onset value in both systems.

  MECHANISM: `within` subtracts a baseline that excludes |lag| <= 75 d, so ANY
  anomaly living inside that window -- before or after onset -- is absent from
  the baseline and returns R ~ 1. R measures TEMPORAL CONCENTRATION of the
  anomaly around the onset date, not causal fraction.

  WHY THE VALIDATION MISSED IT: validate_R_diagnostic.py simulates only two
  structures -- whole-winter depression (f=0) and post-onset-only depression
  (f=1, `y[p:p+61] -= c`). It never simulates a precursor, so it could not
  discover that a pre-onset anomaly also scores R ~ 0.8.

  The surviving claim is narrower: the association is temporally LOCALISED
  around onset rather than winter-scale. A short-timescale shared driver
  produces the same signature.

Saved -> R_profile.json
