ecmwf {'mixed_starts': 139, 'mixed_starts_k_le_9': 12, 'n4_members': 2400}
eccc {'mixed_starts': 45, 'mixed_starts_k_le_9': 3, 'n4_members': 805}
cma {'mixed_starts': 12, 'mixed_starts_k_le_9': 0, 'n4_members': 708}
hmcr {'mixed_starts': 79, 'mixed_starts_k_le_9': 7, 'n4_members': 2023}
kma {'mixed_starts': 28, 'mixed_starts_k_le_9': 1, 'n4_members': 642}
cnrm {'mixed_starts': 43, 'mixed_starts_k_le_9': 1, 'n4_members': 1621}
jma {'mixed_starts': 21, 'mixed_starts_k_le_9': 4, 'n4_members': 378}
cnr_isac {'mixed_starts': 41, 'mixed_starts_k_le_9': 7, 'n4_members': 1955}
ncep {'mixed_starts': 31, 'mixed_starts_k_le_9': 3, 'n4_members': 541}
cptec {'mixed_starts': 22, 'mixed_starts_k_le_9': 2, 'n4_members': 408}
N1_shift_sigma {"est": -0.0535, "ci95": [-0.2864, 0.1671]}
N2_variance_ratio {"est": 0.974, "ci95": [0.7317, 1.3602]}
N3_threshold {"rate_rev": 0.5369, "rate_non": 0.4521, "contrast_rev": -0.8754, "contrast_non": -0.8718, "contrast_diff": -0.0036, "contrast_diff_ci95": [-0.3335, 0.2963], "rate_rev_ci95": [0.4372, 0.6553], "rate_non_ci95": [0.3395, 0.6123]}
N4_step_initial_state_fixed {"n_members": 11481, "n_below": 1046, "n_starts": 1450, "dose_per_10ms_sigma": -0.0504, "dose_ci95": [-0.1043, 0.0096], "step_sigma": -0.0534, "step_ci95": [-0.1921, 0.1008], "step_ci90": [-0.1699, 0.0731], "step_p_two_sided": 0.486}
N5_balance_pre_onset_sigma {"est": -0.014, "ci95": [-0.0663, 0.0381], "N1_net_of_N5": -0.0395}
N6_temperature {"shift_sigma": -0.0832, "shift_ci95": [-0.3445, 0.132], "variance_ratio": 1.2855, "variance_ratio_ci95": [0.7939, 2.6562]}
secondary_window_8_20 {"n_starts": 162, "shift": -0.1459, "shift_ci95": [-0.2428, -0.0273], "variance_ratio": 0.9632, "variance_ratio_ci95": [0.8167, 1.1828]}
descriptive {"quantile_shift": {"0.05": -0.5765, "0.1": -0.5146, "0.15": -0.3372, "0.2": -0.262, "0.25": -0.2046, "0.3": -0.17, "0.35": -0.1507, "0.4": -0.1586, "0.45": -0.1659, "0.5": -0.1015, "0.55": -0.045, "0.6": -0.1474, "0.65": -0.1495, "0.7": -0.1049, "0.75": -0.0323, "0.8": -0.0078, "0.85": 0.0514, "0.9": 0.1529, "0.95": 0.1188}, "skew_rev_within": -0.1194, "skew_non_within": -0.0289}
Saved -> s2s_member_experiment.json
exit=0
