onset-minus-init offsets (days): {'s20180125': 18, 's20180208': 4, 's20181213': 20, 's20190108': -6}
345,701 rows | centres ['CCCma', 'KMA', 'NRL', 'SNU']
init               s20180125  s20180208  s20181213  s20190108
centre experiment                                            
CCCma  control            50         50         50         47
       nudged             50         50         50         38
KMA    control            50         50         50         50
       nudged             50         50         52         50
NRL    control            80         80         80         80
       nudged             80         80         80         80
SNU    control            50         50         50         50
       nudged             50         50         49         50

=== DUPLICATE GUARD: paired |nudged - control| vs ensemble spread ===
centre    mean|diff|  within-ens sd    ratio  verdict
--------------------------------------------------------
CCCma         502.68         448.91    1.120  ok
KMA           493.81         391.35    1.262  ok
NRL             0.78         108.15    0.007  DUPLICATE -> EXCLUDED
SNU           463.75         382.06    1.214  ok

centres retained: ['CCCma', 'KMA', 'SNU']   excluded as duplicates: ['NRL']

post-onset coverage per init (days): {'s20180125': 47.8, 's20180208': 47.8, 's20181213': 29.8, 's20190108': 57.8}
primary common window: +8..+25 days after onset

========================================================================================
centre    event     init          nudged  control    S (Pa)   sd_ctl   S/sigma   n_N/n_C
----------------------------------------------------------------------------------------
CCCma     Feb-2018  s20180125   102037.5 101712.6    +325.0    466.0    +0.697   50/50  
CCCma     Feb-2018  s20180208   102248.5 102026.2    +222.3    270.3    +0.822   50/50  
CCCma     Jan-2019  s20181213   101814.4 101582.5    +231.9    464.8    +0.499   50/50  
CCCma     Jan-2019  s20190108   101543.9 101410.1    +133.9    205.8    +0.650   38/47  
KMA       Feb-2018  s20180125   102157.6 101742.6    +415.0    354.8    +1.170   50/50  
KMA       Feb-2018  s20180208   102083.3 101649.2    +434.1    318.8    +1.361   50/50  
KMA       Jan-2019  s20181213   101747.9 101419.3    +328.6    428.7    +0.767   52/50  
KMA       Jan-2019  s20190108   101733.6 101260.7    +472.9    138.0    +3.428   50/50  
SNU       Feb-2018  s20180125   102092.5 101765.6    +326.9    339.4    +0.963   50/50  
SNU       Feb-2018  s20180208   101974.1 101596.6    +377.4    320.3    +1.178   50/50  
SNU       Jan-2019  s20181213   101568.6 101363.5    +205.1    377.0    +0.544   49/50  
SNU       Jan-2019  s20190108   101689.0 101339.9    +349.2    137.6    +2.537   50/50  

pooled within-centre control sigma (Pa): {'CCCma': 369.5, 'KMA': 325.5, 'SNU': 305.4}
centre   init         S/sd_init  S/sd_pooled
--------------------------------------------
CCCma    s20180125       +0.697       +0.880
CCCma    s20180208       +0.822       +0.602
CCCma    s20181213       +0.499       +0.628
CCCma    s20190108       +0.650       +0.362
KMA      s20180125       +1.170       +1.275
KMA      s20180208       +1.361       +1.334
KMA      s20181213       +0.767       +1.010
KMA      s20190108       +3.428       +1.453
SNU      s20180125       +0.963       +1.070
SNU      s20180208       +1.178       +1.236
SNU      s20181213       +0.544       +0.672
SNU      s20190108       +2.537       +1.143

========================================================================================
=== THE CAUSAL EFFECT ===

(per-init-normalised sensitivity, grand mean +1.218 sigma)

per initialisation (mean over 3 models):
  Feb-2018  s20180125   S/sigma = +1.075
  Feb-2018  s20180208   S/sigma = +1.057
  Jan-2019  s20181213   S/sigma = +0.770
  Jan-2019  s20190108   S/sigma = +0.986

per event (mean over its two initialisations):
  Feb-2018  S/sigma = +1.066
  Jan-2019  S/sigma = +0.878

GRAND MEAN causal effect S = +0.972 sigma
between-EVENT difference (n=2, indicative only) = +0.188 sigma

between-MODEL spread of S/sigma: +0.618 .. +1.268 (sd 0.329)
  CCCma          +0.618
  KMA            +1.268
  SNU            +1.030

========================================================================================
=== WHAT EACH PUBLISHED CONTRAST IMPLIES, GIVEN THE MEASURED S ===
  A DW-minus-NDW contrast is bounded by BETWEEN-EVENT variation, not by S,
  so 'contrast vs S' is the wrong comparison and an earlier draft of this
  script made it. The right question: with a mean causal effect S and a DW
  fraction q, a contrast C forces the two subgroups to be
      DW  =  S + (1-q)*C        NDW  =  S - q*C
  and it is the implied NDW value that is testable.

reported quantity                                     C     q      DW     NDW
------------------------------------------------------------------------------
Karpechko-criterion AO contrast, observations     1.782  0.70  +1.507  -0.275
CMIP6 ensemble DW-NDW contrast                    1.143  0.50  +1.543  +0.400
ACP 26, 3723 (2026) published NAO contrast        0.850  0.59  +1.320  +0.470
ERA5 1000 hPa NAM contrast, Karpechko criterion   0.684  0.54  +1.287  +0.603
ERA5 850 hPa NAM contrast, ACP criterion          0.639  0.59  +1.234  +0.595

  READ HONESTLY, S = +0.972 sigma:
   - 1 of 5 contrasts force NDW to zero or REVERSED sign:
       Karpechko-criterion AO contrast, observations  ->  NDW = -0.275
   - the other 4 imply NDW responses of +0.40 to +0.60 sigma, i.e. events labelled
     'non-propagating' would STILL carry a large real surface response.
     That is a CONTINUUM, not two populations, and it is exactly what a
     threshold cut through one shifted distribution looks like.

  So SNAPSI does NOT show the published contrasts exceed what the
  stratosphere can cause -- an earlier draft of this script claimed that and
  it was wrong. What it shows is that a large mean effect (S = +0.97
  sigma, measured causally) plus a threshold split reproduces most of those
  contrasts WITHOUT any second population; only the most extreme reported
  contrast demands one, and it demands a physically odd one.

Saved -> snapsi_causal_effect.json
