winter 1941: 1 events
winter 1942: 1 events
winter 1945: 1 events
winter 1946: 2 events
winter 1950: 1 events
winter 1952: 1 events
winter 1953: 1 events
winter 1955: 2 events
winter 1957: 1 events
winter 1958: 1 events
winter 1960: 1 events
winter 1963: 1 events
winter 1966: 2 events
winter 1968: 1 events
winter 1969: 2 events
winter 1970: 1 events
winter 1971: 2 events
winter 1973: 1 events
winter 1977: 1 events
winter 1979: 1 events
winter 1980: 1 events
winter 1981: 1 events
winter 1982: 1 events
winter 1984: 1 events
winter 1985: 1 events
winter 1987: 1 events
winter 1988: 2 events
winter 1989: 1 events
winter 1999: 2 events
winter 2000: 1 events
winter 2001: 1 events
winter 2002: 2 events
winter 2003: 1 events
winter 2004: 1 events
winter 2006: 1 events
winter 2007: 1 events
winter 2008: 1 events
winter 2009: 1 events
winter 2010: 2 events
winter 2013: 1 events
winter 2018: 1 events
winter 2019: 1 events
winter 2021: 1 events
winter 2023: 1 events
winter 2024: 2 events
winter 2026: 2 events
E1_mean_crps {"F0": 1.648, "F1": 1.6643, "F2": 1.5463, "F3": 1.4928, "F4": 1.505}
E1_crps_skill {"F3_vs_F0": {"all": {"skill": 0.0942, "ci95": [-0.0328, 0.2092], "lowo_min": 0.0639, "lowo_max": 0.1142}, "before_1979": {"skill": 0.0985, "ci95": [-0.0788, 0.2444], "lowo_min": 0.0414, "lowo_max": 0.1319}, "from_1979": {"skill": 0.0913, "ci95": [-0.0836, 0.2505], "lowo_min": 0.0383, "lowo_max": 0.1253}}, "F3_vs_F1": {"all": {"skill": 0.103, "ci95": [-0.0157, 0.2117], "lowo_min": 0.0773, "lowo_max": 0.1236}, "before_1979": {"skill": 0.074, "ci95": [-0.1041, 0.2449], "lowo_min": 0.0438, "lowo_max": 0.1276}, "from_1979": {"skill": 0.1212, "ci95": [-0.0385, 0.2612], "lowo_min": 0.0797, "lowo_max": 0.1538}}, "F3_vs_F2": {"all": {"skill": 0.0346, "ci95": [-0.0445, 0.1191], "lowo_min": 0.0188, "lowo_max": 0.0519}, "before_1979": {"skill": -0.021, "ci95": [-0.1239, 0.0766], "lowo_min": -0.0366, "lowo_max": 0.0107}, "from_1979": {"skill": 0.0682, "ci95": [-0.0578, 0.1937], "lowo_min": 0.0443, "lowo_max": 0.1003}}, "F1_vs_F0": {"all": {"skill": -0.0099, "ci95": [-0.2326, 0.1591], "lowo_min": -0.0439, "lowo_max": 0.0333}, "before_1979": {"skill": 0.0264, "ci95": [-0.3313, 0.259], "lowo_min": -0.0443, "lowo_max": 0.0816}, "from_1979": {"skill": -0.0341, "ci95": [-0.3517, 0.2168], "lowo_min": -0.096, "lowo_max": 0.0382}}, "F2_vs_F0": {"all": {"skill": 0.0617, "ci95": [-0.0654, 0.1593], "lowo_min": 0.0421, "lowo_max": 0.0909}, "before_1979": {"skill": 0.117, "ci95": [-0.0382, 0.2359], "lowo_min": 0.0718, "lowo_max": 0.1421}, "from_1979": {"skill": 0.0248, "ci95": [-0.1464, 0.1645], "lowo_min": -0.0074, "lowo_max": 0.0719}}, "F4_vs_F3": {"all": {"skill": -0.0081, "ci95": [-0.0184, 0.0028], "lowo_min": -0.0093, "lowo_max": -0.0061}, "before_1979": {"skill": -0.0073, "ci95": [-0.0223, 0.0106], "lowo_min": -0.0098, "lowo_max": -0.0021}, "from_1979": {"skill": -0.0086, "ci95": [-0.022, 0.0064], "lowo_min": -0.0106, "lowo_max": -0.0052}}, "F3_oracle_vs_F3": {"all": {"skill": 0.001, "ci95": [-0.0017, 0.0035], "lowo_min": 0.0005, "lowo_max": 0.0015}, "before_1979": {"skill": -0.0008, "ci95": [-0.0044, 0.0031], "lowo_min": -0.0016, "lowo_max": 0.0002}, "from_1979": {"skill": 0.0022, "ci95": [-0.0016, 0.0057], "lowo_min": 0.0014, "lowo_max": 0.0032}}}
E1_brier {"F0": 0.1924, "F1": 0.1848, "F2": 0.1783, "F3": 0.1744, "F4": 0.1765}
E1_cold_count {"observed": 13, "n": 57, "expected": {"F0": 5.7, "F1": 18.06, "F2": 12.18, "F3": 11.94, "F4": 11.38}}
decision "forecasting reported as a limitation (decision rule not met)"
ssw_adds_beyond_state false
E2 {"n_events": 17, "mean_crps": {"raw": 1.1841, "cal": 1.0855, "F3": 1.5849, "F0": 1.9837}, "events": [{"onset": "1998-12-15", "winter": 1999, "raw": 0.7819, "cal": 0.7633, "F3": 0.6404, "F0": 0.7321, "n_forecasts": 1}, {"onset": "1999-02-26", "winter": 1999, "raw": 1.6769, "cal": 1.3574, "F3": 5.0766, "F0": 5.7769, "n_forecasts": 6}, {"onset": "2000-03-20", "winter": 2000, "raw": 0.4139, "cal": 0.4218, "F3": 0.6157, "F0": 0.6065, "n_forecasts": 8}, {"onset": "2001-02-11", "winter": 2001, "raw": 0.4928, "cal": 0.4962, "F3": 0.9254, "F0": 1.1082, "n_forecasts": 8}, {"onset": "2001-12-30", "winter": 2002, "raw": 1.8525, "cal": 1.8032, "F3": 2.5377, "F0": 1.4828, "n_forecasts": 12}, {"onset": "2003-01-18", "winter": 2003, "raw": 1.1212, "cal": 1.0741, "F3": 0.6186, "F0": 0.8617, "n_forecasts": 12}, {"onset": "2004-01-05", "winter": 2004, "raw": 1.4164, "cal": 1.4207, "F3": 1.6192, "F0": 0.8323, "n_forecasts": 12}, {"onset": "2006-01-21", "winter": 2006, "raw": 1.8943, "cal": 1.6194, "F3": 0.8289, "F0": 2.9499, "n_forecasts": 13}, {"onset": "2007-02-24", "winter": 2007, "raw": 0.7571, "cal": 0.7644, "F3": 1.2081, "F0": 0.5547, "n_forecasts": 21}, {"onset": "2008-02-22", "winter": 2008, "raw": 0.5134, "cal": 0.5215, "F3": 1.4255, "F0": 1.8164, "n_forecasts": 14}, {"onset": "2009-01-24", "winter": 2009, "raw": 1.4061, "cal": 1.2172, "F3": 1.8777, "F0": 2.0645, "n_forecasts": 18}, {"onset": "2010-02-09", "winter": 2010, "raw": 1.4071, "cal": 1.2961, "F3": 1.6661, "F0": 4.0301, "n_forecasts": 16}, {"onset": "2010-03-24", "winter": 2010, "raw": 0.717, "cal": 0.6, "F3": 0.8547, "F0": 1.6437, "n_forecasts": 18}, {"onset": "2013-01-06", "winter": 2013, "raw": 1.3996, "cal": 1.2698, "F3": 0.6689, "F0": 1.4775, "n_forecasts": 14}, {"onset": "2018-02-12", "winter": 2018, "raw": 2.409, "cal": 2.1159, "F3": 3.9568, "F0": 4.1184, "n_forecasts": 9}, {"onset": "2019-01-02", "winter": 2019, "raw": 0.9032, "cal": 0.846, "F3": 1.0094, "F0": 0.8331, "n_forecasts": 11}, {"onset": "2021-01-05", "winter": 2021, "raw": 0.9671, "cal": 0.8656, "F3": 1.4141, "F0": 2.8341, "n_forecasts": 5}], "F3_vs_raw": {"skill": -0.3385, "ci95": [-0.6713, -0.0015], "lowo_min": -0.4321, "lowo_max": -0.2012}, "F3_vs_cal": {"skill": -0.4601, "ci95": [-0.836, -0.0756], "lowo_min": -0.5514, "lowo_max": -0.2997}, "cal_vs_raw": {"skill": 0.0833, "ci95": [0.0514, 0.1089], "lowo_min": 0.0758, "lowo_max": 0.0898}, "F3_vs_F0": {"skill": 0.201, "ci95": [-0.0204, 0.3848], "lowo_min": 0.1293, "lowo_max": 0.243}, "cal_vs_F0": {"skill": 0.4528, "ci95": [0.2481, 0.5737], "lowo_min": 0.3999, "lowo_max": 0.4836}}
Saved -> state_forecast.json
exit=0
