cnrm: 16 requests; hindcast years 1999-2024
  2025-06-01_h01-01 cached
  2025-06-01_h02-01 cached
  2025-06-01_h03-09 cached
  2025-06-01_h12-17 cached
  2025-06-01_h01-09 cached
  2025-06-01_h03-01 cached
  2025-06-01_h02-25 cached
  2025-06-01_h12-09 cached
  2025-06-01_h03-17 cached
  2025-06-01_h01-17 cached
  2025-06-01_h01-25 cached
  2025-06-01_h02-17 cached
  2025-06-01_h02-09 cached
  2025-06-01_h12-01 cached
  2025-06-01_h03-25 cached
  2025-06-01_h12-25 cached

114,400 rows, 416 starts (1999-01-01 .. 2024-12-25), members [0, 1, 2, 3, 4, 5, 6, 7, 8, 9, 10]
Saved -> s2s_cnrm_psl_cap.parquet
cnrm exit=0
