Recovering from HTTP error [502 Bad Gateway], attempt 1 of 500
Retrying in 120 seconds
Recovering from HTTP error [502 Bad Gateway], attempt 1 of 500
Retrying in 120 seconds
Recovering from HTTP error [502 Bad Gateway], attempt 1 of 500
Retrying in 120 seconds
Recovering from HTTP error [502 Bad Gateway], attempt 1 of 500
Retrying in 120 seconds
Recovering from HTTP error [502 Bad Gateway], attempt 1 of 500
Retrying in 120 seconds
Recovering from HTTP error [502 Bad Gateway], attempt 1 of 500
Retrying in 120 seconds
Recovering from HTTP error [502 Bad Gateway], attempt 1 of 500
Retrying in 120 seconds
eccc: 35 requests; hindcast years 2001-2020
  2025-02-10_h02-10 cached
  2025-01-16_h01-16 cached
  2025-01-20_h01-20 cached
  2025-01-02_h01-02 cached
  2025-03-03_h03-03 cached
  2025-02-20_h02-20 cached
  2025-01-13_h01-13 cached
  2025-02-17_h02-17 cached
  2025-01-27_h01-27 cached
  2025-02-06_h02-06 cached
  2025-02-13_h02-13 cached
  2025-01-23_h01-23 cached
  2025-01-30_h01-30 cached
  2025-03-06_h03-06 cached
  2025-02-03_h02-03 cached
  2025-01-09_h01-09 cached
  2025-01-06_h01-06 cached
  2025-02-27_h02-27 cached
  2025-02-24_h02-24 cached
  2025-03-24_h03-24 cached
  2025-03-31_h03-31 cached
  2025-12-01_h12-01 cached
  2025-12-04_h12-04 cached
  2025-12-08_h12-08 cached
  2025-12-11_h12-11 cached
  2025-12-15_h12-15 cached
  2025-12-18_h12-18 cached
  2025-12-22_h12-22 cached
  2025-12-25_h12-25 cached
  2025-12-29_h12-29 cached
  2025-03-20_h03-20 cached
  2025-03-13_h03-13 cached
  2025-03-27_h03-27 cached
  2025-03-17_h03-17 cached
  2025-03-10_h03-10 cached

70,000 rows, 700 starts (2001-01-02 .. 2020-12-29), members [0, 1, 2, 3]
Saved -> s2s_eccc_psl_cap.parquet
eccc exit=0
