matched 3,603 files, 107.1 GB; cached 9; to fetch 3,594 (106.8 GB)
CEDA token valid, 4.3 h remaining (user mikhail001)
  100/3603  1.4 min  (72 files/min)
  200/3603  2.6 min  (76 files/min)
  300/3603  4.1 min  (74 files/min)
  400/3603  6.1 min  (65 files/min)
  500/3603  12.3 min  (41 files/min)
  600/3603  18.9 min  (32 files/min)
exit=143 secs=1139
--- restarted with 16 workers Sat Sep 26 01:21:57 PM +05 2026
matched 3,603 files, 107.1 GB; cached 607; to fetch 2,996 (97.3 GB)
CEDA token valid, 4.0 h remaining (user mikhail001)
  100/3603  0.0 min  (32023 files/min)
  200/3603  0.0 min  (43787 files/min)
  300/3603  0.0 min  (46105 files/min)
  400/3603  0.0 min  (51088 files/min)
  500/3603  0.0 min  (57433 files/min)
  600/3603  0.0 min  (62870 files/min)
  700/3603  5.6 min  (126 files/min)
  800/3603  10.3 min  (78 files/min)
  900/3603  15.0 min  (60 files/min)
  1000/3603  19.3 min  (52 files/min)
  1100/3603  23.5 min  (47 files/min)
  1200/3603  27.9 min  (43 files/min)
  1300/3603  30.9 min  (42 files/min)
  1400/3603  33.6 min  (42 files/min)
  1500/3603  36.3 min  (41 files/min)
  1600/3603  38.8 min  (41 files/min)
  1700/3603  40.2 min  (42 files/min)
  1800/3603  41.6 min  (43 files/min)
  1900/3603  43.1 min  (44 files/min)
  2000/3603  45.0 min  (44 files/min)
  2100/3603  49.4 min  (42 files/min)
  2200/3603  53.4 min  (41 files/min)
  2300/3603  57.5 min  (40 files/min)
  2400/3603  63.5 min  (38 files/min)
  2500/3603  65.6 min  (38 files/min)
  2600/3603  67.6 min  (38 files/min)
  2700/3603  70.8 min  (38 files/min)
  2800/3603  72.8 min  (38 files/min)
  2900/3603  74.1 min  (39 files/min)
  3000/3603  75.3 min  (40 files/min)
  3100/3603  76.6 min  (40 files/min)
  3200/3603  77.9 min  (41 files/min)
  3300/3603  85.5 min  (39 files/min)
  3400/3603  95.4 min  (36 files/min)
  3500/3603  103.9 min  (34 files/min)
  3600/3603  111.9 min  (32 files/min)
done 3603, failed 0 of 3603
exit=0 secs=6718
