CEDA token valid, 71.8 h remaining (user mikhail001)
1,827 files, 11.89 GB to transfer, reduced on the fly
centres ['NRL', 'CCCma', 'SNU', 'KMA'], experiments ['nudged', 'control'], inits ['s20180125', 's20180208', 's20181213', 's20190108']
  100/1827  1.0 min  (96 files/min)
  200/1827  1.9 min  (105 files/min)
  300/1827  3.1 min  (97 files/min)
  400/1827  4.1 min  (98 files/min)
  500/1827  5.8 min  (86 files/min)
  600/1827  7.9 min  (76 files/min)
  700/1827  9.5 min  (73 files/min)
  800/1827  11.1 min  (72 files/min)
  900/1827  11.4 min  (79 files/min)
  1000/1827  13.4 min  (75 files/min)
  1100/1827  14.7 min  (75 files/min)
  1200/1827  15.7 min  (76 files/min)
  1300/1827  16.6 min  (78 files/min)
  1400/1827  18.8 min  (75 files/min)
  1500/1827  21.8 min  (69 files/min)
  1600/1827  24.2 min  (66 files/min)
  1700/1827  25.8 min  (66 files/min)
  FAILED SNU/nudged/s20181213/r1i1p18f1: <urlopen error [WinError 10060] A connection attempt failed because the connected party did not properly respond after a period of time, or established connection failed because connected host has failed to respond>
  1800/1827  28.7 min  (63 files/min)

345,701 rows -> snapsi_polarcap_psl.parquet  (1 files failed)
init               s20180125  s20180208  s20181213  s20190108
centre experiment                                            
CCCma  control            50         50         50         47
       nudged             50         50         50         38
KMA    control            50         50         50         50
       nudged             50         50         52         50
NRL    control            80         80         80         80
       nudged             80         80         80         80
SNU    control            50         50         50         50
       nudged             50         50         49         50
