centres    ['CNR-ISAC']
inits      ['s20190108']
matched    100 files, 3.2 GB total
cached     90 files (no transfer)
to fetch   10 files, 0.3 GB
CEDA token valid, 71.6 h remaining (user mikhail001)
  100/100  9.1 min  (11 files/min)

1,171,894 rows from 6,171 cached members -> snapsi_polarcap_psl.parquet  (0 files failed this run)
init                     s20180125  s20180208  s20181213  s20190108  s20190829  s20191001
centre       experiment                                                                  
CCCma        control            50         50         50         47          0          0
             nudged             50         50         50         38          0          0
CNR-ISAC     control            50         50         50         50         50         50
             nudged             50         50         50         50         50         50
ECCC         control            50         50         50         50         50         50
             nudged             50         50         50         50         50         50
ECMWF        control            51         51         51         51         51         51
             nudged             51         51         51         51         51         51
KMA          control            50         50         50         50         50         50
             nudged             50         50         52         50         50         50
Meteo-France control            50         50         50         50         50         50
             nudged             50         50         50         50         50         50
NCAR         control            51         51         51         51         51         51
             nudged             51         51         51         51         51         51
NRL          control            80         80         80         80         80         80
             nudged             80         80         80         80         80         80
SNU          control            50         50         50         50         50         50
             nudged             50         50         50         50         50         50
UKMO         control            50         50         50         50         50         50
             nudged             50         50         50         50         50         50
