centres    ['Meteo-France', 'ECCC']
inits      ['s20180125', 's20180208', 's20181213', 's20190108', 's20190829', 's20191001']
matched    1,200 members
cached     617
to fetch   583
CEDA token valid, 42.4 h remaining (user mikhail001)

verifying the byte-range reader for ECCC against its cache ...
  PASS  {'centre': 'ECCC', 'transport': 'byte_range', 'checked': [{'member': 'control/s20180125/r1i10p1f1', 'max_diff_N': 0.0, 'max_diff_S': 0.0, 'n_steps': [185, 185]}, {'member': 'nudged/s20180125/r1i48p1f1', 'max_diff_N': 0.0, 'max_diff_S': 0.0, 'n_steps': [185, 185]}, {'member': 'nudged/s20191001/r1i9p1f1', 'max_diff_N': 0.0, 'max_diff_S': 0.0, 'n_steps': [185, 185]}], 'passes': True}

verifying the byte-range reader for Meteo-France against its cache ...
  PASS  {'centre': 'Meteo-France', 'transport': 'byte_range', 'checked': [{'member': 'control/s20180125/r10i1p1f1', 'max_diff_N': 0.0, 'max_diff_S': 0.0, 'n_steps': [180, 180]}, {'member': 'control/s20180208/r10i1p1f1', 'max_diff_N': 0.0, 'max_diff_S': 0.0, 'n_steps': [180, 180]}, {'member': 'control/s20181213/r11i1p1f1', 'max_diff_N': 0.0, 'max_diff_S': 0.0, 'n_steps': [180, 180]}], 'passes': True}
  100/1200  0.0 min  (49224 members/min)
  retrying ECCC/s20190108/r1i26p1f1: FSTimeoutError: 
  retrying ECCC/s20190108/r1i34p1f1: FSTimeoutError: 
  200/1200  38.3 min  (5 members/min)
  300/1200  45.7 min  (7 members/min)
  400/1200  45.8 min  (9 members/min)
  500/1200  45.8 min  (11 members/min)
  600/1200  45.8 min  (13 members/min)
  700/1200  49.1 min  (14 members/min)
  retrying Meteo-France/s20181213/r27i1p1f1: AttributeError: 'NoneType' object has no attribute 'lstrip'
  retrying Meteo-France/s20190108/r35i1p1f1: FSTimeoutError: 
  retrying Meteo-France/s20190108/r5i1p1f1: ServerDisconnectedError: Server disconnected
  retrying Meteo-France/s20190108/r50i1p1f1: ServerDisconnectedError: Server disconnected
  800/1200  95.7 min  (8 members/min)
  retrying Meteo-France/s20190829/r1i1p1f1: ServerDisconnectedError: Server disconnected
  retrying Meteo-France/s20190829/r24i1p1f1: ServerDisconnectedError: Server disconnected
  retrying Meteo-France/s20190829/r20i1p1f1: AttributeError: 'NoneType' object has no attribute 'lstrip'
  900/1200  138.2 min  (7 members/min)
  retrying Meteo-France/s20180125/r23i1p1f1: ServerDisconnectedError: Server disconnected
  retrying Meteo-France/s20180125/r45i1p1f1: FSTimeoutError: 
  retrying Meteo-France/s20180125/r6i1p1f1: AttributeError: 'NoneType' object has no attribute 'lstrip'
  retrying Meteo-France/s20180208/r49i1p1f1: FSTimeoutError: 
  retrying Meteo-France/s20180208/r50i1p1f1: AttributeError: 'NoneType' object has no attribute 'lstrip'
  1000/1200  189.4 min  (5 members/min)
  retrying Meteo-France/s20181213/r32i1p1f1: ServerDisconnectedError: Server disconnected
  retrying Meteo-France/s20181213/r45i1p1f1: FSTimeoutError: 
  retrying Meteo-France/s20181213/r49i1p1f1: AttributeError: 'NoneType' object has no attribute 'lstrip'
  retrying Meteo-France/s20190108/r20i1p1f1: AttributeError: 'NoneType' object has no attribute 'lstrip'
  retrying Meteo-France/s20190108/r1i1p1f1: ServerDisconnectedError: Server disconnected
  retrying Meteo-France/s20190108/r26i1p1f1: AttributeError: 'NoneType' object has no attribute 'lstrip'
  retrying Meteo-France/s20190108/r35i1p1f1: ServerDisconnectedError: Server disconnected
  retrying Meteo-France/s20190108/r34i1p1f1: ServerDisconnectedError: Server disconnected
  retrying Meteo-France/s20190108/r38i1p1f1: ClientResponseError: 504, message='Gateway Time-out', url='https://dap.ceda.ac.uk/badc/snap/data/post-cmip6/SNAPSI/Meteo-France/CNRM-CM61/nud
  retrying Meteo-France/s20190108/r45i1p1f1: ServerDisconnectedError: Server disconnected
  retrying Meteo-France/s20190829/r14i1p1f1: ServerDisconnectedError: Server disconnected
  retrying Meteo-France/s20190829/r15i1p1f1: ServerDisconnectedError: Server disconnected
  retrying Meteo-France/s20190829/r11i1p1f1: ServerDisconnectedError: Server disconnected
  1100/1200  243.9 min  (5 members/min)
  retrying Meteo-France/s20190829/r31i1p1f1: ServerDisconnectedError: Server disconnected
  retrying Meteo-France/s20190829/r36i1p1f1: ServerDisconnectedError: Server disconnected
  retrying Meteo-France/s20190829/r34i1p1f1: ServerDisconnectedError: Server disconnected
  retrying Meteo-France/s20190829/r5i1p1f1: FSTimeoutError: 
  retrying Meteo-France/s20191001/r48i1p1f1: ServerDisconnectedError: Server disconnected
  1200/1200  293.7 min  (4 members/min)

997,953 rows from 5,210 members -> snapsi_polarcap_zg100.parquet (0 failed this run)
experiment    control  nudged
centre                       
CCCma               4       4
CNR-ISAC            6       6
ECCC                6       6
ECMWF               6       6
KMA                 6       6
Meteo-France        6       6
NCAR                6       6
SNU                 6       6
UKMO                6       6
