credentials present: False  -> manifest only, nothing will be downloaded
centres: ['CCCma', 'CNR-ISAC', 'ECCC', 'ECMWF', 'KMA', 'Meteo-France', 'NCAR', 'NOAA-GFDL', 'NRL', 'SNAP', 'SNU', 'UKMO']

  CCCma/CanESM5/control/s20180125: 50 members
  CCCma/CanESM5/control/s20180208: 50 members
  CCCma/CanESM5/control/s20181213: 50 members
  CCCma/CanESM5/control/s20190108: 47 members
  CCCma/CanESM5/free/s20180125: 50 members
  CCCma/CanESM5/free/s20180208: 50 members
  CCCma/CanESM5/free/s20181213: 50 members
  CCCma/CanESM5/free/s20190108: 49 members
  CCCma/CanESM5/nudged/s20180125: 50 members
  CCCma/CanESM5/nudged/s20180208: 50 members
  CCCma/CanESM5/nudged/s20181213: 50 members
  CCCma/CanESM5/nudged/s20190108: 38 members
  CNR-ISAC/GLOBO/control/s20180125: 50 members
  CNR-ISAC/GLOBO/control/s20180208: 50 members
  CNR-ISAC/GLOBO/control/s20181213: 50 members
  CNR-ISAC/GLOBO/control/s20190108: 50 members
  CNR-ISAC/GLOBO/control/s20190829: 50 members
  CNR-ISAC/GLOBO/control/s20191001: 50 members
  CNR-ISAC/GLOBO/free/s20180125: 50 members
  CNR-ISAC/GLOBO/free/s20180208: 50 members
  CNR-ISAC/GLOBO/free/s20181213: 50 members
  CNR-ISAC/GLOBO/free/s20190108: 50 members
  CNR-ISAC/GLOBO/free/s20190829: 50 members
  CNR-ISAC/GLOBO/free/s20191001: 50 members
  CNR-ISAC/GLOBO/nudged/s20180125: 50 members
  CNR-ISAC/GLOBO/nudged/s20180208: 50 members
  CNR-ISAC/GLOBO/nudged/s20181213: 50 members
  CNR-ISAC/GLOBO/nudged/s20190108: 50 members
  CNR-ISAC/GLOBO/nudged/s20190829: 50 members
  CNR-ISAC/GLOBO/nudged/s20191001: 50 members
  ECCC/GEM-NEMO/control/s20180125: 50 members
  ECCC/GEM-NEMO/control/s20180208: 50 members
  ECCC/GEM-NEMO/control/s20181213: 50 members
  ECCC/GEM-NEMO/control/s20190108: 50 members
  ECCC/GEM-NEMO/control/s20190829: 50 members
  ECCC/GEM-NEMO/control/s20191001: 50 members
  ECCC/GEM-NEMO/free/s20180125: 50 members
  ECCC/GEM-NEMO/free/s20180208: 50 members
  ECCC/GEM-NEMO/free/s20181213: 50 members
  ECCC/GEM-NEMO/free/s20190108: 50 members
  ECCC/GEM-NEMO/free/s20190829: 50 members
  ECCC/GEM-NEMO/free/s20191001: 50 members
  ECCC/GEM-NEMO/nudged/s20180125: 50 members
  ECCC/GEM-NEMO/nudged/s20180208: 50 members
  ECCC/GEM-NEMO/nudged/s20181213: 50 members
  ECCC/GEM-NEMO/nudged/s20190108: 50 members
  ECCC/GEM-NEMO/nudged/s20190829: 50 members
  ECCC/GEM-NEMO/nudged/s20191001: 50 members
  ECMWF/IFS/control/s20180125: 51 members
  ECMWF/IFS/control/s20180208: 51 members
  ECMWF/IFS/control/s20181213: 51 members
  ECMWF/IFS/control/s20190108: 51 members
  ECMWF/IFS/control/s20190829: 51 members
  ECMWF/IFS/control/s20191001: 51 members
  ECMWF/IFS/free/s20180125: 51 members
  ECMWF/IFS/free/s20180208: 51 members
  ECMWF/IFS/free/s20181213: 51 members
  ECMWF/IFS/free/s20190108: 51 members
  ECMWF/IFS/free/s20190829: 51 members
  ECMWF/IFS/free/s20191001: 51 members
  ECMWF/IFS/nudged/s20180125: 51 members
  ECMWF/IFS/nudged/s20180208: 51 members
  ECMWF/IFS/nudged/s20181213: 51 members
  ECMWF/IFS/nudged/s20190108: 51 members
  ECMWF/IFS/nudged/s20190829: 51 members
  ECMWF/IFS/nudged/s20191001: 51 members
  ECMWF/IFS/nudged-full/s20180125: 51 members
  ECMWF/IFS/nudged-full/s20180208: 51 members
  ECMWF/IFS/nudged-full/s20181213: 51 members
  ECMWF/IFS/nudged-full/s20190108: 51 members
  ECMWF/IFS/nudged-full/s20190829: 51 members
  ECMWF/IFS/nudged-full/s20191001: 51 members
  KMA/GloSea6-GC32/control/s20180125: 50 members
  KMA/GloSea6-GC32/control/s20180208: 50 members
  KMA/GloSea6-GC32/control/s20181213: 50 members
  KMA/GloSea6-GC32/control/s20190108: 50 members
  KMA/GloSea6-GC32/control/s20190829: 50 members
  KMA/GloSea6-GC32/control/s20191001: 50 members
  KMA/GloSea6-GC32/free/s20180125: 50 members
  KMA/GloSea6-GC32/free/s20180208: 50 members
  KMA/GloSea6-GC32/free/s20181213: 50 members
  KMA/GloSea6-GC32/free/s20190108: 50 members
  KMA/GloSea6-GC32/free/s20190829: 50 members
  KMA/GloSea6-GC32/free/s20191001: 50 members
  KMA/GloSea6-GC32/nudged/s20180125: 50 members
  KMA/GloSea6-GC32/nudged/s20180208: 50 members
  KMA/GloSea6-GC32/nudged/s20181213: 52 members
  KMA/GloSea6-GC32/nudged/s20190108: 50 members
  KMA/GloSea6-GC32/nudged/s20190829: 50 members
  KMA/GloSea6-GC32/nudged/s20191001: 50 members
  Meteo-France/CNRM-CM61/control/s20180125: 50 members
  Meteo-France/CNRM-CM61/control/s20180208: 50 members
  Meteo-France/CNRM-CM61/control/s20181213: 50 members
  Meteo-France/CNRM-CM61/control/s20190108: 50 members
  Meteo-France/CNRM-CM61/control/s20190829: 50 members
  Meteo-France/CNRM-CM61/control/s20191001: 50 members
  Meteo-France/CNRM-CM61/free/s20180125: 50 members
  Meteo-France/CNRM-CM61/free/s20180208: 50 members
  Meteo-France/CNRM-CM61/free/s20181213: 50 members
  Meteo-France/CNRM-CM61/free/s20190108: 50 members
  Meteo-France/CNRM-CM61/free/s20190829: 50 members
  Meteo-France/CNRM-CM61/free/s20191001: 50 members
  Meteo-France/CNRM-CM61/nudged/s20180125: 50 members
  Meteo-France/CNRM-CM61/nudged/s20180208: 50 members
  Meteo-France/CNRM-CM61/nudged/s20181213: 50 members
  Meteo-France/CNRM-CM61/nudged/s20190108: 50 members
  Meteo-France/CNRM-CM61/nudged/s20190829: 50 members
  Meteo-France/CNRM-CM61/nudged/s20191001: 50 members
  Meteo-France/CNRM-CM61/nudged-full/s20180208: 50 members
  Meteo-France/CNRM-CM61/nudged-full/s20190108: 50 members
  Meteo-France/CNRM-CM61/nudged-full/s20191001: 50 members
  NCAR/CESM2-CAM6/control/s20180125: 51 members
  NCAR/CESM2-CAM6/control/s20180208: 51 members
  NCAR/CESM2-CAM6/control/s20181213: 51 members
  NCAR/CESM2-CAM6/control/s20190108: 51 members
  NCAR/CESM2-CAM6/control/s20190829: 51 members
  NCAR/CESM2-CAM6/control/s20191001: 51 members
  NCAR/CESM2-CAM6/free/s20180125: 51 members
  NCAR/CESM2-CAM6/free/s20180208: 51 members
  NCAR/CESM2-CAM6/free/s20181213: 51 members
  NCAR/CESM2-CAM6/free/s20190108: 51 members
  NCAR/CESM2-CAM6/free/s20190829: 51 members
  NCAR/CESM2-CAM6/free/s20191001: 51 members
  NCAR/CESM2-CAM6/nudged/s20180125: 51 members
  NCAR/CESM2-CAM6/nudged/s20180208: 51 members
  NCAR/CESM2-CAM6/nudged/s20181213: 51 members
  NCAR/CESM2-CAM6/nudged/s20190108: 51 members
  NCAR/CESM2-CAM6/nudged/s20190829: 51 members
  NCAR/CESM2-CAM6/nudged/s20191001: 51 members
  NOAA-GFDL/SPEAR/free/s20180125: 50 members
  NOAA-GFDL/SPEAR/free/s20180208: 50 members
  NOAA-GFDL/SPEAR/free/s20181213: 50 members
  NOAA-GFDL/SPEAR/free/s20190108: 50 members
  NOAA-GFDL/SPEAR/free/s20190829: 50 members
  NOAA-GFDL/SPEAR/free/s20191001: 50 members
  NOAA-GFDL/SPEAR/nudged-full/s20180208: 50 members
  NOAA-GFDL/SPEAR/nudged-full/s20190108: 50 members
  NOAA-GFDL/SPEAR/nudged-full/s20191001: 50 members
  NRL/NAVGEM/control/s20180125: 80 members
  NRL/NAVGEM/control/s20180208: 80 members
  NRL/NAVGEM/control/s20181213: 80 members
  NRL/NAVGEM/control/s20190108: 80 members
  NRL/NAVGEM/control/s20190829: 80 members
  NRL/NAVGEM/control/s20191001: 80 members
  NRL/NAVGEM/free/s20180125: 80 members
  NRL/NAVGEM/free/s20180208: 80 members
  NRL/NAVGEM/free/s20181213: 80 members
  NRL/NAVGEM/free/s20190108: 80 members
  NRL/NAVGEM/free/s20190829: 80 members
  NRL/NAVGEM/free/s20191001: 80 members
  NRL/NAVGEM/nudged/s20180125: 80 members
  NRL/NAVGEM/nudged/s20180208: 80 members
  NRL/NAVGEM/nudged/s20181213: 80 members
  NRL/NAVGEM/nudged/s20190108: 80 members
  NRL/NAVGEM/nudged/s20190829: 80 members
  NRL/NAVGEM/nudged/s20191001: 80 members
  SNAP/SNAPSI-REF/control/sref-r1i1p1f1: 1 members
  SNAP/SNAPSI-REF/control-full/sref-r1i1p1f1: 1 members
  SNAP/SNAPSI-REF/nudged/sref-r1i1p1f1: 1 members
  SNAP/SNAPSI-REF/nudged-full/sref-r1i1p1f1: 1 members
  SNU/GRIMs/control/s20180125: 50 members
  SNU/GRIMs/control/s20180208: 50 members
  SNU/GRIMs/control/s20181213: 50 members
  SNU/GRIMs/control/s20190108: 50 members
  SNU/GRIMs/control/s20190829: 50 members
  SNU/GRIMs/control/s20191001: 50 members
  SNU/GRIMs/free/s20180125: 50 members
  SNU/GRIMs/free/s20180208: 50 members
  SNU/GRIMs/free/s20181213: 50 members
  SNU/GRIMs/free/s20190108: 50 members
  SNU/GRIMs/free/s20190829: 50 members
  SNU/GRIMs/free/s20191001: 50 members
  SNU/GRIMs/nudged/s20180125: 50 members
  SNU/GRIMs/nudged/s20180208: 50 members
  SNU/GRIMs/nudged/s20181213: 50 members
  SNU/GRIMs/nudged/s20190108: 50 members
  SNU/GRIMs/nudged/s20190829: 50 members
  SNU/GRIMs/nudged/s20191001: 50 members
  UKMO/GloSea6/control/s20180125: 50 members
  UKMO/GloSea6/control/s20180208: 50 members
  UKMO/GloSea6/control/s20181213: 50 members
  UKMO/GloSea6/control/s20190108: 50 members
  UKMO/GloSea6/control/s20190829: 50 members
  UKMO/GloSea6/control/s20191001: 50 members
  UKMO/GloSea6/control-full/s20180125: 50 members
  UKMO/GloSea6/control-full/s20180208: 50 members
  UKMO/GloSea6/control-full/s20181213: 50 members
  UKMO/GloSea6/control-full/s20190108: 50 members
  UKMO/GloSea6/control-full/s20190829: 50 members
  UKMO/GloSea6/control-full/s20191001: 50 members
  UKMO/GloSea6/free/s20180125: 50 members
  UKMO/GloSea6/free/s20180208: 50 members
  UKMO/GloSea6/free/s20181213: 50 members
  UKMO/GloSea6/free/s20190108: 50 members
  UKMO/GloSea6/free/s20190829: 50 members
  UKMO/GloSea6/free/s20191001: 50 members
  UKMO/GloSea6/nudged/s20180125: 50 members
  UKMO/GloSea6/nudged/s20180208: 50 members
  UKMO/GloSea6/nudged/s20181213: 50 members
  UKMO/GloSea6/nudged/s20190108: 50 members
  UKMO/GloSea6/nudged/s20190829: 50 members
  UKMO/GloSea6/nudged/s20191001: 50 members
  UKMO/GloSea6/nudged-full/s20180125: 50 members
  UKMO/GloSea6/nudged-full/s20180208: 50 members
  UKMO/GloSea6/nudged-full/s20181213: 50 members
  UKMO/GloSea6/nudged-full/s20190108: 50 members
  UKMO/GloSea6/nudged-full/s20190829: 50 members
  UKMO/GloSea6/nudged-full/s20191001: 50 members

21,486 files enumerated across 11 centres, 5 experiments, 6 cases
  estimated total: 625.3 GB for ['psl', 'tas'] at 6hrPt
  verified pattern: 21,386/21,486 rows
  UNVERIFIED nodes (2): ['CNR-ISAC/GLOBO/nudged/s20190108/psl', 'CNR-ISAC/GLOBO/nudged/s20190108/tas']
  by experiment: {'control': 6178, 'control-full': 600, 'free': 6782, 'nudged': 6164, 'nudged-full': 1762}
-> snapsi_manifest.csv

No CEDA credentials found — manifest written, nothing downloaded.
Register free at https://services.ceda.ac.uk/ then set
CEDA_USERNAME / CEDA_PASSWORD and re-run to fetch.
